#-----------------------------------------------------------
# Vivado v2024.1 (64-bit)
# SW Build 5076996 on Wed May 22 18:36:09 MDT 2024
# IP Build 5075265 on Wed May 22 21:45:21 MDT 2024
# SharedData Build 5076995 on Wed May 22 18:29:18 MDT 2024
# Start of session at: Thu Feb 20 13:32:22 2025
# Process ID: 190556
# Current directory: /home/nayg/Project/Axolotl
# Command line: vivado
# Log file: /home/nayg/Project/Axolotl/vivado.log
# Journal file: /home/nayg/Project/Axolotl/vivado.jou
# Running On        :nayg-IdeaPad-3-15IML05
# Platform          :Linuxmint
# Operating System  :Linux Mint 21.3
# Processor Detail  :Intel(R) Core(TM) i3-10110U CPU @ 2.10GHz
# CPU Frequency     :2600.000 MHz
# CPU Physical cores:2
# CPU Logical cores :4
# Host memory       :8052 MB
# Swap memory       :2147 MB
# Total Virtual     :10199 MB
# Available Virtual :3735 MB
#-----------------------------------------------------------
start_gui
open_project /home/nayg/Project/Axolotl/Hardware_design/Axolotl.xpr
update_compile_order -fileset sources_1
close [ open /home/nayg/Project/Axolotl/Hardware_design/Axolotl.srcs/sources_1/new/Or.vhd w ]
add_files /home/nayg/Project/Axolotl/Hardware_design/Axolotl.srcs/sources_1/new/Or.vhd
close [ open /home/nayg/Project/Axolotl/Hardware_design/Axolotl.srcs/sources_1/new/Xor.vhd w ]
add_files /home/nayg/Project/Axolotl/Hardware_design/Axolotl.srcs/sources_1/new/Xor.vhd
close [ open /home/nayg/Project/Axolotl/Hardware_design/Axolotl.srcs/sources_1/new/Sll.vhd w ]
add_files /home/nayg/Project/Axolotl/Hardware_design/Axolotl.srcs/sources_1/new/Sll.vhd
close [ open /home/nayg/Project/Axolotl/Hardware_design/Axolotl.srcs/sources_1/new/Not.vhd w ]
add_files /home/nayg/Project/Axolotl/Hardware_design/Axolotl.srcs/sources_1/new/Not.vhd
close [ open /home/nayg/Project/Axolotl/Hardware_design/Axolotl.srcs/sources_1/new/And.vhd w ]
add_files /home/nayg/Project/Axolotl/Hardware_design/Axolotl.srcs/sources_1/new/And.vhd
close [ open /home/nayg/Project/Axolotl/Hardware_design/Axolotl.srcs/sources_1/new/Slr.vhd w ]
add_files /home/nayg/Project/Axolotl/Hardware_design/Axolotl.srcs/sources_1/new/Slr.vhd
update_compile_order -fileset sources_1
close [ open /home/nayg/Project/Axolotl/Hardware_design/Axolotl.srcs/sources_1/new/ProgramCOunter.vhd w ]
add_files /home/nayg/Project/Axolotl/Hardware_design/Axolotl.srcs/sources_1/new/ProgramCOunter.vhd
close [ open /home/nayg/Project/Axolotl/Hardware_design/Axolotl.srcs/sources_1/new/load_msb.vhd w ]
add_files /home/nayg/Project/Axolotl/Hardware_design/Axolotl.srcs/sources_1/new/load_msb.vhd
close [ open /home/nayg/Project/Axolotl/Hardware_design/Axolotl.srcs/sources_1/new/load_lsb.vhd w ]
add_files /home/nayg/Project/Axolotl/Hardware_design/Axolotl.srcs/sources_1/new/load_lsb.vhd
update_compile_order -fileset sources_1
close [ open /home/nayg/Project/Axolotl/Hardware_design/Axolotl.srcs/sources_1/new/ALU.vhd w ]
add_files /home/nayg/Project/Axolotl/Hardware_design/Axolotl.srcs/sources_1/new/ALU.vhd
update_compile_order -fileset sources_1
update_compile_order -fileset sources_1
update_compile_order -fileset sources_1
update_compile_order -fileset sources_1
update_compile_order -fileset sources_1
update_compile_order -fileset sources_1
update_compile_order -fileset sources_1
update_compile_order -fileset sources_1
close [ open /home/nayg/Project/Axolotl/Hardware_design/Axolotl.srcs/sources_1/new/Mux8-1.vhd w ]
add_files /home/nayg/Project/Axolotl/Hardware_design/Axolotl.srcs/sources_1/new/Mux8-1.vhd
update_compile_order -fileset sources_1
update_compile_order -fileset sources_1
set_property SOURCE_SET sources_1 [get_filesets sim_1]
close [ open /home/nayg/Project/Axolotl/Hardware_design/Axolotl.srcs/sim_1/new/Sll.vhd w ]
add_files -fileset sim_1 /home/nayg/Project/Axolotl/Hardware_design/Axolotl.srcs/sim_1/new/Sll.vhd
close [ open /home/nayg/Project/Axolotl/Hardware_design/Axolotl.srcs/sim_1/new/Or_tb.v w ]
add_files -fileset sim_1 /home/nayg/Project/Axolotl/Hardware_design/Axolotl.srcs/sim_1/new/Or_tb.v
close [ open /home/nayg/Project/Axolotl/Hardware_design/Axolotl.srcs/sim_1/new/Substractor_tb.vhd w ]
add_files -fileset sim_1 /home/nayg/Project/Axolotl/Hardware_design/Axolotl.srcs/sim_1/new/Substractor_tb.vhd
close [ open /home/nayg/Project/Axolotl/Hardware_design/Axolotl.srcs/sim_1/new/Not_tb.v w ]
add_files -fileset sim_1 /home/nayg/Project/Axolotl/Hardware_design/Axolotl.srcs/sim_1/new/Not_tb.v
close [ open /home/nayg/Project/Axolotl/Hardware_design/Axolotl.srcs/sim_1/new/Slr.vhd w ]
add_files -fileset sim_1 /home/nayg/Project/Axolotl/Hardware_design/Axolotl.srcs/sim_1/new/Slr.vhd
close [ open /home/nayg/Project/Axolotl/Hardware_design/Axolotl.srcs/sim_1/new/And_tb.v w ]
add_files -fileset sim_1 /home/nayg/Project/Axolotl/Hardware_design/Axolotl.srcs/sim_1/new/And_tb.v
close [ open /home/nayg/Project/Axolotl/Hardware_design/Axolotl.srcs/sim_1/new/Xor_tb.v w ]
add_files -fileset sim_1 /home/nayg/Project/Axolotl/Hardware_design/Axolotl.srcs/sim_1/new/Xor_tb.v
update_compile_order -fileset sim_1
export_ip_user_files -of_objects  [get_files /home/nayg/Project/Axolotl/Hardware_design/Axolotl.srcs/sources_1/new/CPU.vhd] -no_script -reset -force -quiet
remove_files  /home/nayg/Project/Axolotl/Hardware_design/Axolotl.srcs/sources_1/new/CPU.vhd
export_ip_user_files -of_objects  [get_files /home/nayg/Project/Axolotl/Hardware_design/Axolotl.srcs/sim_1/new/And_tb.v] -no_script -reset -force -quiet
export_ip_user_files -of_objects  [get_files /home/nayg/Project/Axolotl/Hardware_design/Axolotl.srcs/sim_1/new/Not_tb.v] -no_script -reset -force -quiet
export_ip_user_files -of_objects  [get_files /home/nayg/Project/Axolotl/Hardware_design/Axolotl.srcs/sim_1/new/Or_tb.v] -no_script -reset -force -quiet
export_ip_user_files -of_objects  [get_files /home/nayg/Project/Axolotl/Hardware_design/Axolotl.srcs/sim_1/new/Xor_tb.v] -no_script -reset -force -quiet
export_ip_user_files -of_objects  [get_files /home/nayg/Project/Axolotl/Hardware_design/Axolotl.srcs/sim_1/new/Sll.vhd] -no_script -reset -force -quiet
export_ip_user_files -of_objects  [get_files /home/nayg/Project/Axolotl/Hardware_design/Axolotl.srcs/sim_1/new/Slr.vhd] -no_script -reset -force -quiet
export_ip_user_files -of_objects  [get_files /home/nayg/Project/Axolotl/Hardware_design/Axolotl.srcs/sim_1/new/Substractor_tb.vhd] -no_script -reset -force -quiet
remove_files  -fileset sim_1 {/home/nayg/Project/Axolotl/Hardware_design/Axolotl.srcs/sim_1/new/And_tb.v /home/nayg/Project/Axolotl/Hardware_design/Axolotl.srcs/sim_1/new/Not_tb.v /home/nayg/Project/Axolotl/Hardware_design/Axolotl.srcs/sim_1/new/Or_tb.v /home/nayg/Project/Axolotl/Hardware_design/Axolotl.srcs/sim_1/new/Xor_tb.v /home/nayg/Project/Axolotl/Hardware_design/Axolotl.srcs/sim_1/new/Sll.vhd /home/nayg/Project/Axolotl/Hardware_design/Axolotl.srcs/sim_1/new/Slr.vhd /home/nayg/Project/Axolotl/Hardware_design/Axolotl.srcs/sim_1/new/Substractor_tb.vhd}
remove_files  /home/nayg/Project/Axolotl/Hardware_design/Axolotl.srcs/sources_1/new/CPU.vhd
remove_files  -fileset sim_1 {/home/nayg/Project/Axolotl/Hardware_design/Axolotl.srcs/sim_1/new/And_tb.v /home/nayg/Project/Axolotl/Hardware_design/Axolotl.srcs/sim_1/new/Not_tb.v /home/nayg/Project/Axolotl/Hardware_design/Axolotl.srcs/sim_1/new/Or_tb.v /home/nayg/Project/Axolotl/Hardware_design/Axolotl.srcs/sim_1/new/Xor_tb.v /home/nayg/Project/Axolotl/Hardware_design/Axolotl.srcs/sim_1/new/Sll.vhd /home/nayg/Project/Axolotl/Hardware_design/Axolotl.srcs/sim_1/new/Slr.vhd /home/nayg/Project/Axolotl/Hardware_design/Axolotl.srcs/sim_1/new/Substractor_tb.vhd}
set_property SOURCE_SET sources_1 [get_filesets sim_1]
close [ open /home/nayg/Project/Axolotl/Hardware_design/Axolotl.srcs/sim_1/new/Not_tb.vhd w ]
add_files -fileset sim_1 /home/nayg/Project/Axolotl/Hardware_design/Axolotl.srcs/sim_1/new/Not_tb.vhd
close [ open /home/nayg/Project/Axolotl/Hardware_design/Axolotl.srcs/sim_1/new/And_tb.vhd w ]
add_files -fileset sim_1 /home/nayg/Project/Axolotl/Hardware_design/Axolotl.srcs/sim_1/new/And_tb.vhd
close [ open /home/nayg/Project/Axolotl/Hardware_design/Axolotl.srcs/sim_1/new/Slr_tb.vhd w ]
add_files -fileset sim_1 /home/nayg/Project/Axolotl/Hardware_design/Axolotl.srcs/sim_1/new/Slr_tb.vhd
close [ open /home/nayg/Project/Axolotl/Hardware_design/Axolotl.srcs/sim_1/new/Substract_tb.vhd w ]
add_files -fileset sim_1 /home/nayg/Project/Axolotl/Hardware_design/Axolotl.srcs/sim_1/new/Substract_tb.vhd
close [ open /home/nayg/Project/Axolotl/Hardware_design/Axolotl.srcs/sim_1/new/Sll_tb.vhd w ]
add_files -fileset sim_1 /home/nayg/Project/Axolotl/Hardware_design/Axolotl.srcs/sim_1/new/Sll_tb.vhd
close [ open /home/nayg/Project/Axolotl/Hardware_design/Axolotl.srcs/sim_1/new/Or_tb.vhd w ]
add_files -fileset sim_1 /home/nayg/Project/Axolotl/Hardware_design/Axolotl.srcs/sim_1/new/Or_tb.vhd
close [ open /home/nayg/Project/Axolotl/Hardware_design/Axolotl.srcs/sim_1/new/Xor_tb.vhd w ]
add_files -fileset sim_1 /home/nayg/Project/Axolotl/Hardware_design/Axolotl.srcs/sim_1/new/Xor_tb.vhd
update_compile_order -fileset sim_1
set_property SOURCE_SET sources_1 [get_filesets sim_1]
close [ open /home/nayg/Project/Axolotl/Hardware_design/Axolotl.srcs/sim_1/new/ProgramCounter_tb.vhd w ]
add_files -fileset sim_1 /home/nayg/Project/Axolotl/Hardware_design/Axolotl.srcs/sim_1/new/ProgramCounter_tb.vhd
update_compile_order -fileset sim_1
